// Jest Snapshot v1, https://goo.gl/fbAQLP

exports[`<GridText /> should render with background 1`] = `
<div>
  <section
    class="sc-gKPRtg cagUuq"
    id=""
  >
    <section
      class="sc-jSUZER ibPrsa"
    >
      <section
        class="sc-dkrFOg ifwtWa"
      >
        <h2
          class="sc-bcXHqe gGkVlk"
        >
          My Grid
        </h2>
        <div
          class="sc-gswNZR SLXGE"
        >
          Lorem ipsum, dolor sit amet consectetur adipisicing elit. Eum asperiores saepe impedit illo recusandae! Et assumenda vitae quos, deserunt odit at pariatur totam ad culpa voluptatem ex placeat quod porro.
        </div>
        <div
          class="sc-hLBbgP gtqogd"
        >
          <div
            class="sc-eDvSVe cJPiuO"
          >
            <h3
              class="sc-bcXHqe bxsYJQ"
            >
              Test 1
            </h3>
            <div
              class="sc-gswNZR SLXGE"
            >
              Morbi hendrerit nec augue ac placerat. Duis vestibulum augue turpis. Nulla consectetur justo ac justo aliquet, vel auctor augue condimentum.
            </div>
          </div>
          <div
            class="sc-eDvSVe cJPiuO"
          >
            <h3
              class="sc-bcXHqe bxsYJQ"
            >
              Test 2
            </h3>
            <div
              class="sc-gswNZR SLXGE"
            >
              Morbi hendrerit nec augue ac placerat. Duis vestibulum augue turpis. Nulla consectetur justo ac justo aliquet, vel auctor augue condimentum.
            </div>
          </div>
          <div
            class="sc-eDvSVe cJPiuO"
          >
            <h3
              class="sc-bcXHqe bxsYJQ"
            >
              Test 3
            </h3>
            <div
              class="sc-gswNZR SLXGE"
            >
              Morbi hendrerit nec augue ac placerat. Duis vestibulum augue turpis. Nulla consectetur justo ac justo aliquet, vel auctor augue condimentum.
            </div>
          </div>
        </div>
      </section>
    </section>
  </section>
</div>
`;

exports[`<GridText /> should render without background 1`] = `
<div>
  <section
    class="sc-gKPRtg cagUuq"
    id=""
  >
    <section
      class="sc-jSUZER ibPrsa"
    >
      <section
        class="sc-dkrFOg ifwtWa"
      >
        <h2
          class="sc-bcXHqe gGkVlk"
        >
          My Grid
        </h2>
        <div
          class="sc-gswNZR SLXGE"
        >
          Lorem ipsum, dolor sit amet consectetur adipisicing elit. Eum asperiores saepe impedit illo recusandae! Et assumenda vitae quos, deserunt odit at pariatur totam ad culpa voluptatem ex placeat quod porro.
        </div>
        <div
          class="sc-hLBbgP gtqogd"
        >
          <div
            class="sc-eDvSVe cJPiuO"
          >
            <h3
              class="sc-bcXHqe bxsYJQ"
            >
              Test 1
            </h3>
            <div
              class="sc-gswNZR SLXGE"
            >
              Morbi hendrerit nec augue ac placerat. Duis vestibulum augue turpis. Nulla consectetur justo ac justo aliquet, vel auctor augue condimentum.
            </div>
          </div>
          <div
            class="sc-eDvSVe cJPiuO"
          >
            <h3
              class="sc-bcXHqe bxsYJQ"
            >
              Test 2
            </h3>
            <div
              class="sc-gswNZR SLXGE"
            >
              Morbi hendrerit nec augue ac placerat. Duis vestibulum augue turpis. Nulla consectetur justo ac justo aliquet, vel auctor augue condimentum.
            </div>
          </div>
          <div
            class="sc-eDvSVe cJPiuO"
          >
            <h3
              class="sc-bcXHqe bxsYJQ"
            >
              Test 3
            </h3>
            <div
              class="sc-gswNZR SLXGE"
            >
              Morbi hendrerit nec augue ac placerat. Duis vestibulum augue turpis. Nulla consectetur justo ac justo aliquet, vel auctor augue condimentum.
            </div>
          </div>
        </div>
      </section>
    </section>
  </section>
</div>
`;
