// Jest Snapshot v1, https://goo.gl/fbAQLP

exports[`<GridTwoColumns /> should render grid two columns 1`] = `
<div>
  <section
    class="sc-gKPRtg cagUuq"
    id=""
  >
    <section
      class="sc-jSUZER ibPrsa"
    >
      <section
        class="sc-gswNZR fpVbld"
      >
        <div
          class="sc-dkrFOg bsMigw"
        >
          <h2
            class="sc-bcXHqe gGkVlk"
          >
            Grid Two Columns
          </h2>
          <div
            class="sc-iBYQkv iSMdET"
          >
            Lorem, ipsum dolor sit amet consectetur adipisicing elit. Quod voluptatibus dolores obcaecati reprehenderit officiis libero recusandae fuga amet molestiae commodi, provident alias numquam doloribus ducimus debitis eius nemo laboriosam? Sapiente!
          </div>
        </div>
        <div
          class="sc-hLBbgP"
        >
          <img
            alt="Grid Two Columns"
            class="sc-eDvSVe jpyIgK"
            src="assets/images/javascript.svg"
          />
        </div>
      </section>
    </section>
  </section>
</div>
`;
