// Jest Snapshot v1, https://goo.gl/fbAQLP

exports[`<GridImage /> should render with background 1`] = `
<div>
  <section
    class="sc-dkrFOg iFhURs"
    id=""
  >
    <section
      class="sc-gswNZR gbNLi"
    >
      <div
        class="sc-eDvSVe jzYaZG"
      >
        <h2
          class="sc-bcXHqe gGkVlk"
        >
          Gallery
        </h2>
        <div
          class="sc-hLBbgP gnjGay"
        >
          Lorem ipsum, dolor sit amet consectetur adipisicing elit. Eum asperiores saepe impedit illo recusandae! Et assumenda vitae quos.
        </div>
        <div
          class="sc-jSUZER kKDdOZ"
        >
          <div
            class="sc-gKPRtg diSZbU"
          >
            <img
              alt="Test 1"
              class="sc-iBYQkv hEQXRk"
              src="https://source.unsplash.com/random/360x360?r=1"
            />
          </div>
          <div
            class="sc-gKPRtg diSZbU"
          >
            <img
              alt="Test 2"
              class="sc-iBYQkv hEQXRk"
              src="https://source.unsplash.com/random/360x360?r=2"
            />
          </div>
          <div
            class="sc-gKPRtg diSZbU"
          >
            <img
              alt="Test 3"
              class="sc-iBYQkv hEQXRk"
              src="https://source.unsplash.com/random/360x360?r=3"
            />
          </div>
          <div
            class="sc-gKPRtg diSZbU"
          >
            <img
              alt="Test 4"
              class="sc-iBYQkv hEQXRk"
              src="https://source.unsplash.com/random/360x360?r=4"
            />
          </div>
          <div
            class="sc-gKPRtg diSZbU"
          >
            <img
              alt="Test 5"
              class="sc-iBYQkv hEQXRk"
              src="https://source.unsplash.com/random/360x360?r=5"
            />
          </div>
          <div
            class="sc-gKPRtg diSZbU"
          >
            <img
              alt="Test 6"
              class="sc-iBYQkv hEQXRk"
              src="https://source.unsplash.com/random/360x360?r=6"
            />
          </div>
        </div>
      </div>
    </section>
  </section>
</div>
`;

exports[`<GridImage /> should render without background 1`] = `
<div>
  <section
    class="sc-dkrFOg iFhURs"
    id=""
  >
    <section
      class="sc-gswNZR gbNLi"
    >
      <div
        class="sc-eDvSVe jzYaZG"
      >
        <h2
          class="sc-bcXHqe gGkVlk"
        >
          Gallery
        </h2>
        <div
          class="sc-hLBbgP gnjGay"
        >
          Lorem ipsum, dolor sit amet consectetur adipisicing elit. Eum asperiores saepe impedit illo recusandae! Et assumenda vitae quos.
        </div>
        <div
          class="sc-jSUZER kKDdOZ"
        >
          <div
            class="sc-gKPRtg diSZbU"
          >
            <img
              alt="Test 1"
              class="sc-iBYQkv hEQXRk"
              src="https://source.unsplash.com/random/360x360?r=1"
            />
          </div>
          <div
            class="sc-gKPRtg diSZbU"
          >
            <img
              alt="Test 2"
              class="sc-iBYQkv hEQXRk"
              src="https://source.unsplash.com/random/360x360?r=2"
            />
          </div>
          <div
            class="sc-gKPRtg diSZbU"
          >
            <img
              alt="Test 3"
              class="sc-iBYQkv hEQXRk"
              src="https://source.unsplash.com/random/360x360?r=3"
            />
          </div>
          <div
            class="sc-gKPRtg diSZbU"
          >
            <img
              alt="Test 4"
              class="sc-iBYQkv hEQXRk"
              src="https://source.unsplash.com/random/360x360?r=4"
            />
          </div>
          <div
            class="sc-gKPRtg diSZbU"
          >
            <img
              alt="Test 5"
              class="sc-iBYQkv hEQXRk"
              src="https://source.unsplash.com/random/360x360?r=5"
            />
          </div>
          <div
            class="sc-gKPRtg diSZbU"
          >
            <img
              alt="Test 6"
              class="sc-iBYQkv hEQXRk"
              src="https://source.unsplash.com/random/360x360?r=6"
            />
          </div>
        </div>
      </div>
    </section>
  </section>
</div>
`;
